[thx-html.fruitfulcode.com/index.html]
[backblue.gif]
[fade.gif]
[index.html]
[thx-html.fruitfulcode.com/wp-content/themes/thx-html/assets/css/bootstrap.min.css]
[thx-html.fruitfulcode.com/wp-content/themes/thx-html/assets/css/manual.css]
[thx-html.fruitfulcode.com/wp-content/themes/thx-html/assets/css/animate.css]
[thx-html.fruitfulcode.com/wp-content/themes/thx-html/assets/css/owlcarousel/owl.carousel.min.css]
[thx-html.fruitfulcode.com/wp-content/themes/thx-html/assets/css/owlcarousel/owl.theme.default.min.css]
[thx-html.fruitfulcode.com/wp-content/themes/thx-html/assets/css/bootstrap-responsive.min.css]
[fonts.googleapis.com/css6079.css]
[maxcdn.bootstrapcdn.com/font-awesome/4.5.0/css/font-awesome.min.css]
[thx-html.fruitfulcode.com/wp-content/themes/thx-html/assets/css/css-fontello/animation.css]
[thx-html.fruitfulcode.com/wp-content/themes/thx-html/assets/css/css-fontello/fontello.css]
[thx-html.fruitfulcode.com/wp-content/themes/thx-html/assets/css/css-fontello/fontello-codes.css]
[thx-html.fruitfulcode.com/wp-content/themes/thx-html/assets/css/css-fontello/fontello-embedded.css]
[thx-html.fruitfulcode.com/wp-content/themes/thx-html/assets/css/css-fontello/fontello-ie7.css]
[thx-html.fruitfulcode.com/wp-content/themes/thx-html/assets/css/css-fontello/fontello-ie7-codes.css]
[code.jquery.com/jquery-3.2.1.min.js]
[thx-html.fruitfulcode.com/wp-content/themes/thx-html/assets/js/owl.carousel.min.js]
[thx-html.fruitfulcode.com/wp-content/themes/thx-html/assets/images/logo.png]
[thx-html.fruitfulcode.com/charity-login/index.html]
[thx-html.fruitfulcode.com/ecology-home/index.html]
[thx-html.fruitfulcode.com/charity-404/index.html]
[thx-html.fruitfulcode.com/charity-gallery/index.html]
[thx-html.fruitfulcode.com/charity-features/index.html]
[thx-html.fruitfulcode.com/charity-about-us/index.html]
[thx-html.fruitfulcode.com/charity-our-causes/index.html]
[thx-html.fruitfulcode.com/charity-our-causes-2-columns/index.html]
[thx-html.fruitfulcode.com/charity-our-causes-3-columns/index.html]
[thx-html.fruitfulcode.com/charity-single-causes/index.html]
[thx-html.fruitfulcode.com/charity-news/index.html]
[thx-html.fruitfulcode.com/charity-news-3-columns/index.html]
[thx-html.fruitfulcode.com/charity-news-2-columns/index.html]
[thx-html.fruitfulcode.com/charity-blog-single/index.html]
[thx-html.fruitfulcode.com/charity-shop/index.html]
[thx-html.fruitfulcode.com/charity-shop-product/index.html]
[thx-html.fruitfulcode.com/wp-content/themes/thx-html/assets/images/woman-girl.jpg]
[thx-html.fruitfulcode.com/charity-contact/index.html]
[thx-html.fruitfulcode.com/wp-content/themes/thx-html/assets/images/drop.png]
[thx-html.fruitfulcode.com/wp-content/themes/thx-html/assets/images/circle.png]
[thx-html.fruitfulcode.com/wp-content/themes/thx-html/assets/images/heart.png]
[thx-html.fruitfulcode.com/wp-content/themes/thx-html/assets/images/boys.jpg]
[thx-html.fruitfulcode.com/wp-content/themes/thx-html/assets/images/girl-small.jpg]
[thx-html.fruitfulcode.com/wp-content/themes/thx-html/assets/images/old-man.jpg]
[thx-html.fruitfulcode.com/wp-content/themes/thx-html/assets/images/volunteer_1.jpg]
[thx-html.fruitfulcode.com/wp-content/themes/thx-html/assets/images/volunteer_2.jpg]
[thx-html.fruitfulcode.com/wp-content/themes/thx-html/assets/images/volunteer_3.jpg]
[thx-html.fruitfulcode.com/wp-content/themes/thx-html/assets/images/volunteer_4.jpg]
[thx-html.fruitfulcode.com/wp-content/themes/thx-html/assets/images/volunteer_5.jpg]
[thx-html.fruitfulcode.com/wp-content/themes/thx-html/assets/images/girl-african.jpg]
[thx-html.fruitfulcode.com/wp-content/themes/thx-html/assets/images/children.jpg]
[thx-html.fruitfulcode.com/wp-content/themes/thx-html/assets/images/small_1.jpg]
[thx-html.fruitfulcode.com/wp-content/themes/thx-html/assets/images/small_2.jpg]
[thx-html.fruitfulcode.com/wp-content/themes/thx-html/assets/images/small_3.jpg]
[thx-html.fruitfulcode.com/wp-content/themes/thx-html/assets/images/small_4.jpg]
[thx-html.fruitfulcode.com/wp-content/themes/thx-html/assets/images/small_5.jpg]
[thx-html.fruitfulcode.com/wp-content/themes/thx-html/assets/images/small_6.jpg]
[thx-html.fruitfulcode.com/wp-content/themes/thx-html/assets/images/small_7.jpg]
[thx-html.fruitfulcode.com/wp-content/themes/thx-html/assets/images/small_8.jpg]
[thx-html.fruitfulcode.com/wp-content/themes/thx-html/assets/js/jquery.spincrement.js]
[thx-html.fruitfulcode.com/wp-content/themes/thx-html/assets/js/scrollBar.js]
[thx-html.fruitfulcode.com/wp-content/themes/thx-html/assets/js/bootstrap.min.js]
[external.html]
[thx-html.fruitfulcode.com/wp-content/themes/thx-html/assets/js/myScript.js]
[thx-html.fruitfulcode.com/index.html]
[static.zdassets.com/ekr/snippetb46a.js]
[fonts.googleapis.com/css6079.css]
[thx-html.fruitfulcode.com/charity-login/index.html]
[thx-html.fruitfulcode.com/wp-content/themes/thx-html/assets/audio-player/css/style-ecology.css]
[thx-html.fruitfulcode.com/wp-content/themes/thx-html/assets/css/manual-ecology.css]
[thx-html.fruitfulcode.com/wp-content/themes/thx-html/assets/images/ecology-logo.png]
[thx-html.fruitfulcode.com/ecology-login/index.html]
[thx-html.fruitfulcode.com/ecology-404/index.html]
[thx-html.fruitfulcode.com/ecology-features/index.html]
[thx-html.fruitfulcode.com/ecology-gallery/index.html]
[thx-html.fruitfulcode.com/ecology-about-us/index.html]
[thx-html.fruitfulcode.com/ecology-our-causes/index.html]
[thx-html.fruitfulcode.com/ecology-our-causes-2-columns/index.html]
[thx-html.fruitfulcode.com/ecology-our-causes-3-columns/index.html]
[thx-html.fruitfulcode.com/ecology-single-causes/index.html]
[thx-html.fruitfulcode.com/ecology-news-2-columns/index.html]
[thx-html.fruitfulcode.com/ecology-news/index.html]
[thx-html.fruitfulcode.com/ecology-news-3-columns/index.html]
[thx-html.fruitfulcode.com/ecology-blog-single/index.html]
[thx-html.fruitfulcode.com/ecology-shop/index.html]
[thx-html.fruitfulcode.com/ecology-shop-product/index.html]
[thx-html.fruitfulcode.com/wp-content/themes/thx-html/assets/images/ecology-contact.jpg]
[thx-html.fruitfulcode.com/ecology-contact/index.html]
[thx-html.fruitfulcode.com/wp-content/themes/thx-html/assets/images/ecology-drop.png]
[thx-html.fruitfulcode.com/wp-content/themes/thx-html/assets/images/ecology-climate.png]
[thx-html.fruitfulcode.com/wp-content/themes/thx-html/assets/images/ecology-nature.png]
[thx-html.fruitfulcode.com/wp-content/themes/thx-html/assets/images/ecology-causes-1.jpg]
[thx-html.fruitfulcode.com/wp-content/themes/thx-html/assets/images/ecology-causes-2.jpg]
[thx-html.fruitfulcode.com/wp-content/themes/thx-html/assets/images/ecology-volunteers-1.jpg]
[thx-html.fruitfulcode.com/wp-content/themes/thx-html/assets/images/ecology-volunteers-2.jpg]
[thx-html.fruitfulcode.com/wp-content/themes/thx-html/assets/images/ecology-volunteers-3.jpg]
[thx-html.fruitfulcode.com/wp-content/themes/thx-html/assets/images/ecology-volunteers-4.jpg]
[thx-html.fruitfulcode.com/wp-content/themes/thx-html/assets/images/ecology-news-1.jpg]
[thx-html.fruitfulcode.com/wp-content/themes/thx-html/assets/images/ecology-news-2.jpg]
[thx-html.fruitfulcode.com/wp-content/themes/thx-html/assets/images/ecology-photo-1.jpg]
[thx-html.fruitfulcode.com/wp-content/themes/thx-html/assets/images/ecology-photo-2.jpg]
[thx-html.fruitfulcode.com/wp-content/themes/thx-html/assets/images/ecology-photo-3.jpg]
[thx-html.fruitfulcode.com/wp-content/themes/thx-html/assets/images/ecology-photo-4.jpg]
[thx-html.fruitfulcode.com/wp-content/themes/thx-html/assets/images/ecology-photo-5.jpg]
[thx-html.fruitfulcode.com/wp-content/themes/thx-html/assets/images/ecology-photo-6.jpg]
[thx-html.fruitfulcode.com/wp-content/themes/thx-html/assets/images/ecology-photo-7.jpg]
[thx-html.fruitfulcode.com/wp-content/themes/thx-html/assets/images/ecology-photo-8.jpg]
[thx-html.fruitfulcode.com/ecology-home/index.html]
[thx-html.fruitfulcode.com/charity-404/index.html]
[thx-html.fruitfulcode.com/wp-content/themes/thx-html/assets/images/events1.jpg]
[thx-html.fruitfulcode.com/wp-content/themes/thx-html/assets/images/events2.jpg]
[thx-html.fruitfulcode.com/wp-content/themes/thx-html/assets/images/events3.jpg]
[thx-html.fruitfulcode.com/wp-content/themes/thx-html/assets/images/events4.jpg]
[thx-html.fruitfulcode.com/wp-content/themes/thx-html/assets/images/events5.jpg]
[thx-html.fruitfulcode.com/wp-content/themes/thx-html/assets/images/events6.jpg]
[thx-html.fruitfulcode.com/charity-features/index.html]
[thx-html.fruitfulcode.com/wp-content/themes/thx-html/assets/images/gallery1.jpg]
[thx-html.fruitfulcode.com/wp-content/themes/thx-html/assets/images/gallery2.jpg]
[thx-html.fruitfulcode.com/wp-content/themes/thx-html/assets/images/gallery3.jpg]
[thx-html.fruitfulcode.com/wp-content/themes/thx-html/assets/images/gallery4.jpg]
[thx-html.fruitfulcode.com/wp-content/themes/thx-html/assets/images/gallery5.jpg]
[thx-html.fruitfulcode.com/wp-content/themes/thx-html/assets/images/gallery6.jpg]
[thx-html.fruitfulcode.com/wp-content/themes/thx-html/assets/images/gallery7.jpg]
[thx-html.fruitfulcode.com/wp-content/themes/thx-html/assets/images/gallery8.jpg]
[thx-html.fruitfulcode.com/wp-content/themes/thx-html/assets/images/gallery9.jpg]
[thx-html.fruitfulcode.com/wp-content/themes/thx-html/assets/images/gallery10.jpg]
[thx-html.fruitfulcode.com/charity-gallery/index.html]
[thx-html.fruitfulcode.com/wp-content/themes/thx-html/assets/images/girl-heart.jpg]
[thx-html.fruitfulcode.com/wp-content/themes/thx-html/assets/images/girl-community.jpg]
[thx-html.fruitfulcode.com/wp-content/themes/thx-html/assets/images/four-vol.jpg]
[thx-html.fruitfulcode.com/wp-content/themes/thx-html/assets/images/two-girl.jpg]
[thx-html.fruitfulcode.com/charity-about-us/index.html]
[thx-html.fruitfulcode.com/wp-content/themes/thx-html/assets/images/causes1.jpg]
[thx-html.fruitfulcode.com/wp-content/themes/thx-html/assets/images/causes2.jpg]
[thx-html.fruitfulcode.com/wp-content/themes/thx-html/assets/images/causes3.jpg]
[thx-html.fruitfulcode.com/wp-content/themes/thx-html/assets/images/causes4.jpg]
[thx-html.fruitfulcode.com/wp-content/themes/thx-html/assets/images/causes5.jpg]
[thx-html.fruitfulcode.com/wp-content/themes/thx-html/assets/images/causes6.jpg]
[thx-html.fruitfulcode.com/charity-our-causes/index.html]
[thx-html.fruitfulcode.com/charity-our-causes-2-columns/index.html]
[thx-html.fruitfulcode.com/wp-content/themes/thx-html/assets/images/causes10.jpg]
[thx-html.fruitfulcode.com/wp-content/themes/thx-html/assets/images/causes11.jpg]
[thx-html.fruitfulcode.com/wp-content/themes/thx-html/assets/images/causes7.jpg]
[thx-html.fruitfulcode.com/wp-content/themes/thx-html/assets/images/causes8.jpg]
[thx-html.fruitfulcode.com/wp-content/themes/thx-html/assets/images/causes12.jpg]
[thx-html.fruitfulcode.com/wp-content/themes/thx-html/assets/images/causes9.jpg]
[thx-html.fruitfulcode.com/charity-our-causes-3-columns/index.html]
[thx-html.fruitfulcode.com/wp-content/themes/thx-html/assets/images/single-causes.jpg]
[thx-html.fruitfulcode.com/charity-single-causes/index.html]
[thx-html.fruitfulcode.com/wp-content/themes/thx-html/assets/audio-player/css/style.css]
[thx-html.fruitfulcode.com/wp-content/themes/thx-html/assets/images/boy.jpg]
[thx-html.fruitfulcode.com/wp-content/themes/thx-html/assets/images/btn-play.png]
[thx-html.fruitfulcode.com/wp-content/themes/thx-html/assets/images/btn-youtube.png]
[thx-html.fruitfulcode.com/charity-news/index.html]
[thx-html.fruitfulcode.com/wp-content/themes/thx-html/assets/audio-player/js/jquery.jplayer.min.js]
[thx-html.fruitfulcode.com/wp-content/themes/thx-html/assets/images/news1.jpg]
[thx-html.fruitfulcode.com/charity-news-2-columns/index.html]
[thx-html.fruitfulcode.com/wp-content/themes/thx-html/assets/images/news5.jpg]
[thx-html.fruitfulcode.com/wp-content/themes/thx-html/assets/images/news6.jpg]
[thx-html.fruitfulcode.com/charity-news-3-columns/index.html]
[thx-html.fruitfulcode.com/wp-content/themes/thx-html/assets/images/medium-2.jpg]
[thx-html.fruitfulcode.com/wp-content/themes/thx-html/assets/images/children-1.jpg]
[thx-html.fruitfulcode.com/wp-content/themes/thx-html/assets/images/author.jpg]
[thx-html.fruitfulcode.com/wp-content/themes/thx-html/assets/images/comment-1.jpg]
[thx-html.fruitfulcode.com/wp-content/themes/thx-html/assets/images/comment-2.jpg]
[thx-html.fruitfulcode.com/wp-content/themes/thx-html/assets/images/people-smile-medium.jpg]
[thx-html.fruitfulcode.com/wp-content/themes/thx-html/assets/images/children-smile-medium.jpg]
[thx-html.fruitfulcode.com/charity-blog-single/index.html]
[thx-html.fruitfulcode.com/wp-content/themes/thx-html/assets/images/shop1.jpg]
[thx-html.fruitfulcode.com/wp-content/themes/thx-html/assets/images/shop2.jpg]
[thx-html.fruitfulcode.com/wp-content/themes/thx-html/assets/images/shop3.jpg]
[thx-html.fruitfulcode.com/wp-content/themes/thx-html/assets/images/shop4.jpg]
[thx-html.fruitfulcode.com/wp-content/themes/thx-html/assets/images/shop5.jpg]
[thx-html.fruitfulcode.com/wp-content/themes/thx-html/assets/images/shop6.jpg]
[thx-html.fruitfulcode.com/wp-content/themes/thx-html/assets/images/shop7.jpg]
[thx-html.fruitfulcode.com/wp-content/themes/thx-html/assets/images/shop8.jpg]
[thx-html.fruitfulcode.com/wp-content/themes/thx-html/assets/images/shop9.jpg]
[thx-html.fruitfulcode.com/charity-shop/index.html]
[thx-html.fruitfulcode.com/wp-content/themes/thx-html/assets/slick/slick.css]
[thx-html.fruitfulcode.com/wp-content/themes/thx-html/assets/slick/slick-theme.css]
[thx-html.fruitfulcode.com/wp-content/themes/thx-html/assets/images/heart-shop.png]
[thx-html.fruitfulcode.com/wp-content/themes/thx-html/assets/images/reviews-1.png]
[thx-html.fruitfulcode.com/wp-content/themes/thx-html/assets/images/reviews-2.png]
[thx-html.fruitfulcode.com/wp-content/themes/thx-html/assets/images/shop10.jpg]
[thx-html.fruitfulcode.com/wp-content/themes/thx-html/assets/images/shop11.jpg]
[thx-html.fruitfulcode.com/charity-shop-product/index.html]
[thx-html.fruitfulcode.com/wp-content/themes/thx-html/assets/slick/slick.min.js]
[thx-html.fruitfulcode.com/wp-content/themes/thx-html/assets/images/location.png]
[thx-html.fruitfulcode.com/charity-contact/index.html]
[thx-html.fruitfulcode.com/ecology-login/index.html]
[thx-html.fruitfulcode.com/ecology-404/index.html]
[thx-html.fruitfulcode.com/wp-content/themes/thx-html/assets/images/events-ecology-1.jpg]
[thx-html.fruitfulcode.com/wp-content/themes/thx-html/assets/images/events-ecology-2.jpg]
[thx-html.fruitfulcode.com/wp-content/themes/thx-html/assets/images/events-ecology-4.jpg]
[thx-html.fruitfulcode.com/wp-content/themes/thx-html/assets/images/events-ecology-5.jpg]
[thx-html.fruitfulcode.com/wp-content/themes/thx-html/assets/images/events-ecology-6.jpg]
[thx-html.fruitfulcode.com/ecology-features/index.html]
[thx-html.fruitfulcode.com/wp-content/themes/thx-html/assets/images/gallery-ecology-1.jpg]
[thx-html.fruitfulcode.com/wp-content/themes/thx-html/assets/images/gallery-ecology-2.jpg]
[thx-html.fruitfulcode.com/wp-content/themes/thx-html/assets/images/gallery-ecology-3.jpg]
[thx-html.fruitfulcode.com/wp-content/themes/thx-html/assets/images/gallery-ecology-4.jpg]
[thx-html.fruitfulcode.com/wp-content/themes/thx-html/assets/images/gallery-ecology-5.jpg]
[thx-html.fruitfulcode.com/wp-content/themes/thx-html/assets/images/gallery-ecology-6.jpg]
[thx-html.fruitfulcode.com/wp-content/themes/thx-html/assets/images/gallery-ecology-7.jpg]
[thx-html.fruitfulcode.com/wp-content/themes/thx-html/assets/images/gallery-ecology-8.jpg]
[thx-html.fruitfulcode.com/wp-content/themes/thx-html/assets/images/gallery-ecology-9.jpg]
[thx-html.fruitfulcode.com/wp-content/themes/thx-html/assets/images/gallery-ecology-10.jpg]
[thx-html.fruitfulcode.com/ecology-gallery/index.html]
[thx-html.fruitfulcode.com/wp-content/themes/thx-html/assets/images/wwa-1.jpg]
[thx-html.fruitfulcode.com/wp-content/themes/thx-html/assets/images/wwa-2.jpg]
[thx-html.fruitfulcode.com/wp-content/themes/thx-html/assets/images/wwa-3.jpg]
[thx-html.fruitfulcode.com/ecology-about-us/index.html]
[thx-html.fruitfulcode.com/wp-content/themes/thx-html/assets/images/ecology-causes-3.jpg]
[thx-html.fruitfulcode.com/wp-content/themes/thx-html/assets/images/ecology-causes-4.jpg]
[thx-html.fruitfulcode.com/wp-content/themes/thx-html/assets/images/ecology-causes-5.jpg]
[thx-html.fruitfulcode.com/wp-content/themes/thx-html/assets/images/ecology-causes-6.jpg]
[thx-html.fruitfulcode.com/ecology-our-causes/index.html]
[thx-html.fruitfulcode.com/ecology-our-causes-2-columns/index.html]
[thx-html.fruitfulcode.com/wp-content/themes/thx-html/assets/images/ecology-causes-7.jpg]
[thx-html.fruitfulcode.com/wp-content/themes/thx-html/assets/images/ecology-causes-8.jpg]
[thx-html.fruitfulcode.com/wp-content/themes/thx-html/assets/images/ecology-causes-9.jpg]
[thx-html.fruitfulcode.com/wp-content/themes/thx-html/assets/images/ecology-causes-10.jpg]
[thx-html.fruitfulcode.com/wp-content/themes/thx-html/assets/images/ecology-causes-11.jpg]
[thx-html.fruitfulcode.com/wp-content/themes/thx-html/assets/images/ecology-causes-12.jpg]
[thx-html.fruitfulcode.com/wp-content/themes/thx-html/assets/images/ecology-causes-13.jpg]
[thx-html.fruitfulcode.com/wp-content/themes/thx-html/assets/images/ecology-causes-14.jpg]
[thx-html.fruitfulcode.com/wp-content/themes/thx-html/assets/images/ecology-causes-15.jpg]
[thx-html.fruitfulcode.com/ecology-our-causes-3-columns/index.html]
[thx-html.fruitfulcode.com/wp-content/themes/thx-html/assets/images/ecology-slider-3.1.jpg]
[thx-html.fruitfulcode.com/ecology-single-causes/index.html]
[thx-html.fruitfulcode.com/wp-content/themes/thx-html/assets/images/news-ecology-1.jpg]
[thx-html.fruitfulcode.com/wp-content/themes/thx-html/assets/images/btn-play-ecology.png]
[thx-html.fruitfulcode.com/ecology-news/index.html]
[thx-html.fruitfulcode.com/wp-content/themes/thx-html/assets/images/news-ecology-4.jpg]
[thx-html.fruitfulcode.com/ecology-news-2-columns/index.html]
[thx-html.fruitfulcode.com/wp-content/themes/thx-html/assets/images/news-ecology-8.jpg]
[thx-html.fruitfulcode.com/wp-content/themes/thx-html/assets/images/news-ecology-9.jpg]
[thx-html.fruitfulcode.com/wp-content/themes/thx-html/assets/images/news-ecology-6.jpg]
[thx-html.fruitfulcode.com/ecology-news-3-columns/index.html]
[thx-html.fruitfulcode.com/wp-content/themes/thx-html/assets/images/tree-ecology.jpg]
[thx-html.fruitfulcode.com/wp-content/themes/thx-html/assets/images/blog-ecology.jpg]
[thx-html.fruitfulcode.com/wp-content/themes/thx-html/assets/images/also-like-ecology-1.png]
[thx-html.fruitfulcode.com/wp-content/themes/thx-html/assets/images/also-like-ecology-2.png]
[thx-html.fruitfulcode.com/ecology-blog-single/index.html]
[thx-html.fruitfulcode.com/wp-content/themes/thx-html/assets/images/shop-ecology-1.jpg]
[thx-html.fruitfulcode.com/wp-content/themes/thx-html/assets/images/shop-ecology-2.jpg]
[thx-html.fruitfulcode.com/wp-content/themes/thx-html/assets/images/shop-ecology-3.jpg]
[thx-html.fruitfulcode.com/wp-content/themes/thx-html/assets/images/shop-ecology-4.jpg]
[thx-html.fruitfulcode.com/wp-content/themes/thx-html/assets/images/shop-ecology-5.jpg]
[thx-html.fruitfulcode.com/wp-content/themes/thx-html/assets/images/shop-ecology-6.jpg]
[thx-html.fruitfulcode.com/wp-content/themes/thx-html/assets/images/shop-ecology-7.jpg]
[thx-html.fruitfulcode.com/wp-content/themes/thx-html/assets/images/shop-ecology-8.jpg]
[thx-html.fruitfulcode.com/wp-content/themes/thx-html/assets/images/shop-ecology-9.jpg]
[thx-html.fruitfulcode.com/ecology-shop/index.html]
[thx-html.fruitfulcode.com/wp-content/themes/thx-html/assets/images/heart-shop-ecology.png]
[thx-html.fruitfulcode.com/ecology-shop-product/index.html]
[thx-html.fruitfulcode.com/ecology-contact/index.html]
[thx-html.fruitfulcode.com/wp-content/themes/thx-html/assets/fonts/glyphicons-halflings-regular.eot]
[thx-html.fruitfulcode.com/wp-content/themes/thx-html/assets/fonts/glyphicons-halflings-regulard41d.eot]
[thx-html.fruitfulcode.com/wp-content/themes/thx-html/assets/fonts/glyphicons-halflings-regular.woff2]
[thx-html.fruitfulcode.com/wp-content/themes/thx-html/assets/fonts/glyphicons-halflings-regular.woff]
[thx-html.fruitfulcode.com/wp-content/themes/thx-html/assets/fonts/glyphicons-halflings-regular.ttf]
[thx-html.fruitfulcode.com/wp-content/themes/thx-html/assets/css/bootstrap.min.css]
[thx-html.fruitfulcode.com/wp-content/themes/thx-html/assets/fonts/glyphicons-halflings-regular.svg]
[thx-html.fruitfulcode.com/wp-content/themes/thx-html/assets/fonts/Cutie-Patootie/Cutie-Patootie.ttf]
[thx-html.fruitfulcode.com/wp-content/themes/thx-html/assets/images/wave-lines.png]
[thx-html.fruitfulcode.com/wp-content/themes/thx-html/assets/images/people-861899_1920.jpg]
[thx-html.fruitfulcode.com/wp-content/themes/thx-html/assets/images/himanshu-singh-gurjar-106819.jpg]
[thx-html.fruitfulcode.com/wp-content/themes/thx-html/assets/images/pexels-photo-69096.jpg]
[thx-html.fruitfulcode.com/wp-content/themes/thx-html/assets/images/run.jpg]
[thx-html.fruitfulcode.com/wp-content/themes/thx-html/assets/images/homeless_armenian_qristine-wallpaper-1920x1200.jpg]
[thx-html.fruitfulcode.com/wp-content/themes/thx-html/assets/images/man-in-black.jpg]
[thx-html.fruitfulcode.com/wp-content/themes/thx-html/assets/images/woman-baby.jpg]
[thx-html.fruitfulcode.com/wp-content/themes/thx-html/assets/images/people-smile.jpg]
[thx-html.fruitfulcode.com/wp-content/themes/thx-html/assets/images/children-smile.jpg]
[thx-html.fruitfulcode.com/wp-content/themes/thx-html/assets/images/news2.jpg]
[thx-html.fruitfulcode.com/wp-content/themes/thx-html/assets/images/news4.jpg]
[thx-html.fruitfulcode.com/wp-content/themes/thx-html/assets/images/school.jpg]
[thx-html.fruitfulcode.com/wp-content/themes/thx-html/assets/images/smile-2.png]
[thx-html.fruitfulcode.com/wp-content/themes/thx-html/assets/css/manual.css]
[thx-html.fruitfulcode.com/wp-content/themes/thx-html/assets/css/animate.css]
[thx-html.fruitfulcode.com/wp-content/themes/thx-html/assets/css/owlcarousel/owl.carousel.min.css]
[thx-html.fruitfulcode.com/wp-content/themes/thx-html/assets/css/owlcarousel/owl.theme.default.min.css]
[thx-html.fruitfulcode.com/wp-content/themes/thx-html/assets/css/bootstrap-responsive.min.css]
[maxcdn.bootstrapcdn.com/font-awesome/4.5.0/css/font-awesome.min.css]
[thx-html.fruitfulcode.com/wp-content/themes/thx-html/assets/css/css-fontello/animation.css]
[maxcdn.bootstrapcdn.com/font-awesome/4.5.0/fonts/fontawesome-webfont3295.svg]
[thx-html.fruitfulcode.com/wp-content/themes/thx-html/assets/css/css-fontello/fontello.css]
[thx-html.fruitfulcode.com/wp-content/themes/thx-html/assets/css/css-fontello/fontello-codes.css]
[thx-html.fruitfulcode.com/wp-content/themes/thx-html/assets/css/css-fontello/fontello-embedded.css]
[thx-html.fruitfulcode.com/wp-content/themes/thx-html/assets/css/css-fontello/fontello-ie7.css]
[thx-html.fruitfulcode.com/wp-content/themes/thx-html/assets/css/css-fontello/fontello-ie7-codes.css]
[www.googletagmanager.com/gtm5445.html]
[thx-html.fruitfulcode.com/wp-content/themes/thx-html/assets/audio-player/css/style-ecology.css]
[thx-html.fruitfulcode.com/wp-content/themes/thx-html/assets/images/ecology-wave-line.png]
[thx-html.fruitfulcode.com/wp-content/themes/thx-html/assets/images/ecology-wave-line-white.png]
[thx-html.fruitfulcode.com/wp-content/themes/thx-html/assets/images/ecology-slider-1.1.jpg]
[thx-html.fruitfulcode.com/wp-content/themes/thx-html/assets/images/ecology-slider-2.1.jpg]
[thx-html.fruitfulcode.com/wp-content/themes/thx-html/assets/images/ecology-events.jpg]
[thx-html.fruitfulcode.com/wp-content/themes/thx-html/assets/images/ecology-leaf.jpg]
[thx-html.fruitfulcode.com/wp-content/themes/thx-html/assets/images/bg-ecology.jpg]
[thx-html.fruitfulcode.com/wp-content/themes/thx-html/assets/images/news-ecology-2.jpg]
[thx-html.fruitfulcode.com/wp-content/themes/thx-html/assets/images/news-ecology-3.jpg]
[thx-html.fruitfulcode.com/wp-content/themes/thx-html/assets/images/house-ecology.jpg]
[thx-html.fruitfulcode.com/wp-content/themes/thx-html/assets/images/news-ecology-5.jpg]
[thx-html.fruitfulcode.com/wp-content/themes/thx-html/assets/images/news-ecology-7.jpg]
[thx-html.fruitfulcode.com/wp-content/themes/thx-html/assets/images/about-ecology.jpg]
[thx-html.fruitfulcode.com/wp-content/themes/thx-html/assets/css/manual-ecology.css]
[thx-html.fruitfulcode.com/wp-content/themes/thx-html/assets/audio-player/css/style.css]
[thx-html.fruitfulcode.com/wp-content/themes/thx-html/assets/slick/slick.css]
[thx-html.fruitfulcode.com/wp-content/themes/thx-html/assets/slick/ajax-loader.gif]
[thx-html.fruitfulcode.com/wp-content/themes/thx-html/assets/slick/fonts/slick.eot]
[thx-html.fruitfulcode.com/wp-content/themes/thx-html/assets/slick/fonts/slickd41d.eot]
[thx-html.fruitfulcode.com/wp-content/themes/thx-html/assets/slick/fonts/slick.woff]
[thx-html.fruitfulcode.com/wp-content/themes/thx-html/assets/slick/fonts/slick.ttf]
[thx-html.fruitfulcode.com/wp-content/themes/thx-html/assets/slick/slick-theme.css]
[thx-html.fruitfulcode.com/wp-content/themes/thx-html/assets/fonts/glyphicons-halflings-regular.svg]
[thx-html.fruitfulcode.com/wp-content/themes/thx-html/assets/css/fonts/font-fontello/fontello.html]
[thx-html.fruitfulcode.com/wp-content/themes/thx-html/assets/css/fonts/font-fontello/fontello-2.html]
[thx-html.fruitfulcode.com/wp-content/themes/thx-html/assets/css/fonts/font-fontello/fontello-3.html]
[thx-html.fruitfulcode.com/wp-content/themes/thx-html/assets/css/fonts/font-fontello/fontello-4.html]
[thx-html.fruitfulcode.com/wp-content/themes/thx-html/assets/css/owlcarousel/owl.video.play.html]
[maxcdn.bootstrapcdn.com/font-awesome/4.5.0/fonts/fontawesome-webfont3295.svg]
[thx-html.fruitfulcode.com/wp-content/themes/thx-html/assets/css/font/fontellobb3b.html]
[thx-html.fruitfulcode.com/wp-content/themes/thx-html/assets/css/font/fontellobb3b-2.html]
[thx-html.fruitfulcode.com/wp-content/themes/thx-html/assets/css/font/fontellobb3b-3.html]
[thx-html.fruitfulcode.com/wp-content/themes/thx-html/assets/css/font/fontellobb3b-4.html]
[thx-html.fruitfulcode.com/wp-content/themes/thx-html/assets/css/font/fontellobb3b-5.html]
[thx-html.fruitfulcode.com/wp-content/themes/thx-html/assets/css/font/fontellob0ab.html]
[thx-html.fruitfulcode.com/wp-content/themes/thx-html/assets/css/font/fontellob0ab-2.html]
[thx-html.fruitfulcode.com/wp-content/themes/thx-html/assets/audio-player/css/fonts/fontawesome-webfont.html]
[thx-html.fruitfulcode.com/wp-content/themes/thx-html/assets/audio-player/css/fonts/fontawesome-webfontd41d.html]
[thx-html.fruitfulcode.com/wp-content/themes/thx-html/assets/audio-player/css/fonts/fontawesome-webfont-2.html]
[thx-html.fruitfulcode.com/wp-content/themes/thx-html/assets/audio-player/css/fonts/fontawesome-webfont-3.html]
[thx-html.fruitfulcode.com/wp-content/themes/thx-html/assets/audio-player/css/fonts/fontawesome-webfont-4.html]
[thx-html.fruitfulcode.com/wp-content/themes/thx-html/assets/slick/fonts/slick.svg]
[thx-html.fruitfulcode.com/wp-content/themes/thx-html/assets/slick/fonts/slick.svg]
