[livedemo00.template-help.com/wt_61214/index.html]
[backblue.gif]
[fade.gif]
[index.html]
[livedemo00.template-help.com/cdn-cgi/apps/head/3ts2ksMwXvKRuG480KNifJ2_JNM.js]
[livedemo00.template-help.com/wt_61214/images/favicon.ico]
[livedemo00.template-help.com/wt_61214/css/bootstrap.css]
[livedemo00.template-help.com/wt_61214/images/logo-default-145x41.png]
[livedemo00.template-help.com/wt_61214/css/style.css]
[livedemo00.template-help.com/wt_61214/index-2.html]
[livedemo00.template-help.com/wt_61214/images/logo-inverse-146x41.png]
[livedemo00.template-help.com/wt_61214/index-4.html]
[livedemo00.template-help.com/wt_61214/sermons.html]
[livedemo00.template-help.com/wt_61214/sermon-page.html]
[livedemo00.template-help.com/wt_61214/welcome.html]
[livedemo00.template-help.com/wt_61214/index-3.html]
[livedemo00.template-help.com/wt_61214/our-vision.html]
[livedemo00.template-help.com/wt_61214/our-pastors.html]
[livedemo00.template-help.com/wt_61214/single-pastor.html]
[livedemo00.template-help.com/wt_61214/events.html]
[livedemo00.template-help.com/wt_61214/event-page.html]
[livedemo00.template-help.com/wt_61214/groups.html]
[livedemo00.template-help.com/wt_61214/ministries.html]
[livedemo00.template-help.com/wt_61214/ministry-page.html]
[livedemo00.template-help.com/wt_61214/donate.html]
[livedemo00.template-help.com/wt_61214/audio.html]
[livedemo00.template-help.com/wt_61214/locations.html]
[livedemo00.template-help.com/wt_61214/video.html]
[livedemo00.template-help.com/wt_61214/contacts.html]
[livedemo00.template-help.com/wt_61214/404-page.html]
[livedemo00.template-help.com/wt_61214/503-page.html]
[livedemo00.template-help.com/wt_61214/coming-soon.html]
[livedemo00.template-help.com/wt_61214/search-results.html]
[livedemo00.template-help.com/wt_61214/privacy-policy.html]
[livedemo00.template-help.com/wt_61214/site-map.html]
[livedemo00.template-help.com/wt_61214/grid-systems.html]
[livedemo00.template-help.com/wt_61214/forms.html]
[livedemo00.template-help.com/wt_61214/buttons.html]
[livedemo00.template-help.com/wt_61214/progress-bars.html]
[livedemo00.template-help.com/wt_61214/tabs-&-accordions.html]
[livedemo00.template-help.com/wt_61214/tables.html]
[livedemo00.template-help.com/wt_61214/typography.html]
[livedemo00.template-help.com/wt_61214/header-default.html]
[livedemo00.template-help.com/wt_61214/header-transparent.html]
[livedemo00.template-help.com/wt_61214/header-corporate.html]
[livedemo00.template-help.com/wt_61214/header-sidebar.html]
[livedemo00.template-help.com/wt_61214/footer-default.html]
[livedemo00.template-help.com/wt_61214/footer-corporate.html]
[livedemo00.template-help.com/wt_61214/footer-fullwidth.html]
[livedemo00.template-help.com/wt_61214/blog.html]
[livedemo00.template-help.com/wt_61214/classic-blog.html]
[livedemo00.template-help.com/wt_61214/modern-blog.html]
[livedemo00.template-help.com/wt_61214/single-post.html]
[livedemo00.template-help.com/wt_61214/images/home1-485x479.jpg]
[livedemo00.template-help.com/wt_61214/images/bg-image-9.jpg]
[livedemo00.template-help.com/wt_61214/our-vision]
[livedemo00.template-help.com/wt_61214/images/event-9-563x310.jpg]
[livedemo00.template-help.com/wt_61214/images/event-10-563x310.jpg]
[livedemo00.template-help.com/wt_61214/images/event-8-563x310.jpg]
[livedemo00.template-help.com/wt_61214/images/gallery2-1-368x236.jpg]
[livedemo00.template-help.com/wt_61214/images/gallery-1-1200x795_original.jpg]
[livedemo00.template-help.com/wt_61214/images/gallery2-2-368x361.jpg]
[livedemo00.template-help.com/wt_61214/images/gallery-2-1200x800_original.jpg]
[livedemo00.template-help.com/wt_61214/images/gallery1-3-368x462.jpg]
[livedemo00.template-help.com/wt_61214/images/gallery1-3-900x1200_original.jpg]
[livedemo00.template-help.com/wt_61214/images/gallery2-3-368x236.jpg]
[livedemo00.template-help.com/wt_61214/images/gallery-3-1200x810_original.jpg]
[livedemo00.template-help.com/wt_61214/images/gallery2-4-368x361.jpg]
[livedemo00.template-help.com/wt_61214/images/gallery-4-1200x800_original.jpg]
[livedemo00.template-help.com/wt_61214/images/post-1-370x278.jpg]
[livedemo00.template-help.com/wt_61214/images/post-2-370x278.jpg]
[livedemo00.template-help.com/wt_61214/images/post-3-370x278.jpg]
[external.html]
[livedemo00.template-help.com/cdn-cgi/scripts/5c5dd728/cloudflare-static/email-decode.min.js]
[livedemo00.template-help.com/wt_61214/js/core.min.js]
[livedemo00.template-help.com/wt_61214/js/script.js]
[livedemo00.template-help.com/wt_61214/index.html]
[livedemo00.template-help.com/wt_61214/index-2.html]
[livedemo00.template-help.com/wt_61214/images/home2-710x521.jpg]
[livedemo00.template-help.com/wt_61214/images/jack-thompson-130x110.jpg]
[livedemo00.template-help.com/wt_61214/images/jim-harrison-130x110.jpg]
[livedemo00.template-help.com/wt_61214/images/jane-smith-130x110.jpg]
[livedemo00.template-help.com/wt_61214/images/hugh-barrister-130x110.jpg]
[livedemo00.template-help.com/wt_61214/images/gallery3-1-480x394.jpg]
[livedemo00.template-help.com/wt_61214/images/gallery3-2-480x394.jpg]
[livedemo00.template-help.com/wt_61214/images/gallery3-3-480x394.jpg]
[livedemo00.template-help.com/wt_61214/images/gallery3-4-480x394.jpg]
[livedemo00.template-help.com/wt_61214/images/gallery-12-1200x636_original.jpg]
[livedemo00.template-help.com/wt_61214/images/gallery3-5-480x394.jpg]
[livedemo00.template-help.com/wt_61214/images/gallery-7-1200x800_original.jpg]
[livedemo00.template-help.com/wt_61214/images/gallery3-6-480x394.jpg]
[livedemo00.template-help.com/wt_61214/images/gallery3-7-480x394.jpg]
[livedemo00.template-help.com/wt_61214/images/gallery-13-1200x800_original.jpg]
[livedemo00.template-help.com/wt_61214/images/gallery3-8-480x394.jpg]
[livedemo00.template-help.com/wt_61214/images/gallery-14-1200x795_original.jpg]
[livedemo00.template-help.com/wt_61214/images/post-1-348x454.jpg]
[livedemo00.template-help.com/wt_61214/images/post-2-348x454.jpg]
[livedemo00.template-help.com/wt_61214/images/post-3-348x454.jpg]
[livedemo00.template-help.com/wt_61214/images/bg-image-5.jpg]
[livedemo00.template-help.com/wt_61214/index-3.html]
[livedemo00.template-help.com/wt_61214/images/home3-1-337x295.jpg]
[livedemo00.template-help.com/wt_61214/images/home3-2-337x295.jpg]
[livedemo00.template-help.com/wt_61214/images/home3-3-337x295.jpg]
[livedemo00.template-help.com/wt_61214/images/home3-4-337x295.jpg]
[livedemo00.template-help.com/wt_61214/images/event-3-570x570.jpg]
[livedemo00.template-help.com/wt_61214/images/home3-5-871x678.jpg]
[livedemo00.template-help.com/wt_61214/images/home3-6-130x158.jpg]
[livedemo00.template-help.com/wt_61214/images/home3-7-130x158.jpg]
[livedemo00.template-help.com/wt_61214/images/home3-8-130x158.jpg]
[livedemo00.template-help.com/wt_61214/images/gallery4-1-320x288.jpg]
[livedemo00.template-help.com/wt_61214/images/gallery-6-1200x800_original.jpg]
[livedemo00.template-help.com/wt_61214/images/gallery4-2-320x288.jpg]
[livedemo00.template-help.com/wt_61214/images/gallery4-3-320x576.jpg]
[livedemo00.template-help.com/wt_61214/images/gallery4-4-636x288.jpg]
[livedemo00.template-help.com/wt_61214/images/gallery-8-1200x800_original.jpg]
[livedemo00.template-help.com/wt_61214/images/gallery4-5-636x288.jpg]
[livedemo00.template-help.com/wt_61214/images/gallery-9-1200x800_original.jpg]
[livedemo00.template-help.com/wt_61214/images/gallery4-6-320x576.jpg]
[livedemo00.template-help.com/wt_61214/images/gallery-10-1200x675_original.jpg]
[livedemo00.template-help.com/wt_61214/images/gallery4-7-320x288.jpg]
[livedemo00.template-help.com/wt_61214/images/gallery4-8-320x288.jpg]
[livedemo00.template-help.com/wt_61214/images/gallery-11-1200x800_original.jpg]
[livedemo00.template-help.com/wt_61214/images/post-1-529x267.jpg]
[livedemo00.template-help.com/wt_61214/images/post-2-529x267.jpg]
[livedemo00.template-help.com/wt_61214/index-4.html]
[livedemo00.template-help.com/wt_61214/images/post-7-370x278.jpg]
[livedemo00.template-help.com/wt_61214/images/post-8-370x278.jpg]
[livedemo00.template-help.com/wt_61214/images/post-9-370x278.jpg]
[livedemo00.template-help.com/wt_61214/images/post-10-370x278.jpg]
[livedemo00.template-help.com/wt_61214/images/post-11-370x278.jpg]
[livedemo00.template-help.com/wt_61214/images/post-12-370x278.jpg]
[livedemo00.template-help.com/wt_61214/images/post-13-370x278.jpg]
[livedemo00.template-help.com/wt_61214/images/post-14-370x278.jpg]
[livedemo00.template-help.com/wt_61214/images/post-15-370x278.jpg]
[livedemo00.template-help.com/wt_61214/sermons.html]
[livedemo00.template-help.com/wt_61214/images/theresa-lane-80x80.jpg]
[livedemo00.template-help.com/wt_61214/images/ronald-austin-80x80.jpg]
[livedemo00.template-help.com/wt_61214/sermon-page.html]
[livedemo00.template-help.com/wt_61214/images/welcome-1-485x479.jpg]
[livedemo00.template-help.com/wt_61214/images/bg-image-3.jpg]
[livedemo00.template-help.com/wt_61214/welcome.html]
[livedemo00.template-help.com/wt_61214/our-vision.html]
[livedemo00.template-help.com/wt_61214/images/paul-barton-370x350.jpg]
[livedemo00.template-help.com/wt_61214/images/hugh-barrister-370x350.jpg]
[livedemo00.template-help.com/wt_61214/images/susan-stone-370x350.jpg]
[livedemo00.template-help.com/wt_61214/images/karen-reynolds-270x255.jpg]
[livedemo00.template-help.com/wt_61214/images/jim-harrison-270x255.jpg]
[livedemo00.template-help.com/wt_61214/images/eric-collins-270x255.jpg]
[livedemo00.template-help.com/wt_61214/images/jane-smith-270x255.jpg]
[livedemo00.template-help.com/wt_61214/images/bg-image-4.jpg]
[livedemo00.template-help.com/wt_61214/our-pastors.html]
[livedemo00.template-help.com/wt_61214/images/paul-barton-346x327.jpg]
[livedemo00.template-help.com/wt_61214/single-pastor.html]
[livedemo00.template-help.com/wt_61214/images/event-1-570x570.jpg]
[livedemo00.template-help.com/wt_61214/images/event-2-570x570.jpg]
[livedemo00.template-help.com/wt_61214/images/event-4-570x570.jpg]
[livedemo00.template-help.com/wt_61214/images/event-5-570x570.jpg]
[livedemo00.template-help.com/wt_61214/images/event-6-570x570.jpg]
[livedemo00.template-help.com/wt_61214/events.html]
[livedemo00.template-help.com/wt_61214/images/event-1-485x479.jpg]
[livedemo00.template-help.com/wt_61214/images/event-7-563x310.jpg]
[livedemo00.template-help.com/wt_61214/event-page.html]
[livedemo00.template-help.com/wt_61214/images/groups-1-370x278.jpg]
[livedemo00.template-help.com/wt_61214/images/groups-2-370x278.jpg]
[livedemo00.template-help.com/wt_61214/images/groups-3-370x278.jpg]
[livedemo00.template-help.com/wt_61214/images/groups-4-370x278.jpg]
[livedemo00.template-help.com/wt_61214/images/groups-5-370x278.jpg]
[livedemo00.template-help.com/wt_61214/images/groups-6-370x278.jpg]
[livedemo00.template-help.com/wt_61214/images/bg-image-6.jpg]
[livedemo00.template-help.com/wt_61214/groups.html]
[livedemo00.template-help.com/wt_61214/images/ministries-1-370x278.jpg]
[livedemo00.template-help.com/wt_61214/images/ministries-2-370x278.jpg]
[livedemo00.template-help.com/wt_61214/images/ministries-3-370x278.jpg]
[livedemo00.template-help.com/wt_61214/images/ministries-4-370x278.jpg]
[livedemo00.template-help.com/wt_61214/images/ministries-5-370x278.jpg]
[livedemo00.template-help.com/wt_61214/images/ministries-6-370x278.jpg]
[livedemo00.template-help.com/wt_61214/ministries.html]
[livedemo00.template-help.com/wt_61214/images/ministry-page-1-485x479.jpg]
[livedemo00.template-help.com/wt_61214/images/gallery1-1-368x236.jpg]
[livedemo00.template-help.com/wt_61214/images/gallery1-1-1200x800_original.jpg]
[livedemo00.template-help.com/wt_61214/images/gallery1-2-368x361.jpg]
[livedemo00.template-help.com/wt_61214/images/gallery1-2-822x1200_original.jpg]
[livedemo00.template-help.com/wt_61214/images/gallery1-4-368x236.jpg]
[livedemo00.template-help.com/wt_61214/images/gallery1-4-1200x797_original.jpg]
[livedemo00.template-help.com/wt_61214/images/gallery1-5-368x361.jpg]
[livedemo00.template-help.com/wt_61214/images/gallery1-5-1200x800_original.jpg]
[livedemo00.template-help.com/wt_61214/ministry-page.html]
[livedemo00.template-help.com/wt_61214/donate.html]
[livedemo00.template-help.com/wt_61214/images/bg-image-7.jpg]
[livedemo00.template-help.com/wt_61214/images/locations-1-370x278.jpg]
[livedemo00.template-help.com/wt_61214/images/locations-2-370x278.jpg]
[livedemo00.template-help.com/wt_61214/images/locations-3-370x278.jpg]
[livedemo00.template-help.com/wt_61214/images/bg-image-8.jpg]
[livedemo00.template-help.com/wt_61214/locations.html]
[livedemo00.template-help.com/wt_61214/images/paul-barton-130x110.jpg]
[livedemo00.template-help.com/wt_61214/images/eric-collins-130x110.jpg]
[livedemo00.template-help.com/wt_61214/images/susan-stone-130x110.jpg]
[livedemo00.template-help.com/wt_61214/images/karen-reynolds-130x110.jpg]
[livedemo00.template-help.com/wt_61214/audio.html]
[livedemo00.template-help.com/wt_61214/images/video-1-570x350.jpg]
[livedemo00.template-help.com/wt_61214/images/video-2-570x350.jpg]
[livedemo00.template-help.com/wt_61214/images/video-3-570x350.jpg]
[livedemo00.template-help.com/wt_61214/images/video-4-570x350.jpg]
[livedemo00.template-help.com/wt_61214/video.html]
[livedemo00.template-help.com/wt_61214/contacts.html]
[livedemo00.template-help.com/wt_61214/404-page.html]
[livedemo00.template-help.com/wt_61214/503-page.html]
[livedemo00.template-help.com/wt_61214/coming-soon.html]
[livedemo00.template-help.com/wt_61214/search-results.html]
[livedemo00.template-help.com/wt_61214/privacy-policy.html]
[livedemo00.template-help.com/wt_61214/site-map.html]
[livedemo00.template-help.com/wt_61214/buttons.html]
[livedemo00.template-help.com/wt_61214/grid-systems.html]
[livedemo00.template-help.com/wt_61214/images/bg-image-2.jpg]
[livedemo00.template-help.com/wt_61214/forms.html]
[livedemo00.template-help.com/wt_61214/progress-bars.html]
[livedemo00.template-help.com/wt_61214/tabs-&-accordions.html]
[livedemo00.template-help.com/wt_61214/tables.html]
[livedemo00.template-help.com/wt_61214/images/typography-1-770x485.jpg]
[livedemo00.template-help.com/wt_61214/images/typography-2-350x220.jpg]
[livedemo00.template-help.com/wt_61214/typography.html]
[livedemo00.template-help.com/wt_61214/header-default.html]
[livedemo00.template-help.com/wt_61214/header-transparent.html]
[livedemo00.template-help.com/wt_61214/header-corporate.html]
[livedemo00.template-help.com/wt_61214/header-sidebar.html]
[livedemo00.template-help.com/wt_61214/footer-default.html]
[livedemo00.template-help.com/wt_61214/footer-corporate.html]
[livedemo00.template-help.com/wt_61214/footer-fullwidth.html]
[livedemo00.template-help.com/wt_61214/images/post-4-370x278.jpg]
[livedemo00.template-help.com/wt_61214/images/post-5-370x278.jpg]
[livedemo00.template-help.com/wt_61214/blog.html]
[livedemo00.template-help.com/wt_61214/images/post-6-370x278.jpg]
[livedemo00.template-help.com/wt_61214/images/post-1-770x370.jpg]
[livedemo00.template-help.com/wt_61214/images/post-2-770x370.jpg]
[livedemo00.template-help.com/wt_61214/images/post-3-770x370.jpg]
[livedemo00.template-help.com/wt_61214/images/post-4-770x370.jpg]
[livedemo00.template-help.com/wt_61214/images/_blank.png]
[livedemo00.template-help.com/wt_61214/images/banner-340x500.jpg]
[livedemo00.template-help.com/wt_61214/classic-blog.html]
[livedemo00.template-help.com/wt_61214/images/amanda-wells-90x90.jpg]
[livedemo00.template-help.com/wt_61214/images/post-1-570x370.jpg]
[livedemo00.template-help.com/wt_61214/images/jeffrey-welch-90x90.jpg]
[livedemo00.template-help.com/wt_61214/images/post-2-570x370.jpg]
[livedemo00.template-help.com/wt_61214/images/post-3-570x370.jpg]
[livedemo00.template-help.com/wt_61214/images/post-4-570x370.jpg]
[livedemo00.template-help.com/wt_61214/modern-blog.html]
[livedemo00.template-help.com/wt_61214/images/single-post-1-770x370.jpg]
[livedemo00.template-help.com/wt_61214/single-post.html]
[livedemo00.template-help.com/wt_61214/our-vision-2.html]
[fonts.googleapis.com/cssc244]
[livedemo00.template-help.com/wt_61214/images/single-post-2-770x370.jpg]
[livedemo00.template-help.com/wt_61214/fonts/bootstrap/glyphicons-halflings-regulard41d.eot]
[livedemo00.template-help.com/wt_61214/fonts/bootstrap/glyphicons-halflings-regular.eot]
[livedemo00.template-help.com/wt_61214/fonts/bootstrap/glyphicons-halflings-regular.woff2]
[livedemo00.template-help.com/wt_61214/fonts/bootstrap/glyphicons-halflings-regular.woff]
[livedemo00.template-help.com/wt_61214/fonts/bootstrap/glyphicons-halflings-regular.ttf]
[livedemo00.template-help.com/wt_61214/css/bootstrap.css]
[livedemo00.template-help.com/wt_61214/fonts/bootstrap/glyphicons-halflings-regular.svg]
[livedemo00.template-help.com/wt_61214/fonts/fontawesome-webfont3e6e.eot]
[livedemo00.template-help.com/wt_61214/fonts/fontawesome-webfontd41d.eot]
[livedemo00.template-help.com/wt_61214/fonts/fontawesome-webfont3e6e.woff2]
[livedemo00.template-help.com/wt_61214/fonts/fontawesome-webfont3e6e.ttf]
[livedemo00.template-help.com/wt_61214/fonts/fontawesome-webfont3e6e.woff]
[livedemo00.template-help.com/wt_61214/fonts/MaterialIcons-Regular.woff2]
[livedemo00.template-help.com/wt_61214/fonts/bootstrap/glyphicons-halflings-regulard41d.eot]
[livedemo00.template-help.com/wt_61214/fonts/fontawesome-webfont3e6e.svg]
[livedemo00.template-help.com/wt_61214/fonts/fontawesome-webfontd41d.eot]
[livedemo00.template-help.com/wt_61214/fonts/MaterialIcons-Regular.woff]
[livedemo00.template-help.com/wt_61214/fonts/MaterialIcons-Regular.ttf]
[livedemo00.template-help.com/wt_61214/fonts/fontawesome-webfont3e6e.eot]
[livedemo00.template-help.com/wt_61214/fonts/fl-bigmug-line.eot]
[livedemo00.template-help.com/wt_61214/fonts/fl-bigmug-line.woff]
[livedemo00.template-help.com/wt_61214/fonts/fl-bigmug-line.ttf]
[livedemo00.template-help.com/wt_61214/fonts/MaterialIcons-Regular.eot]
[livedemo00.template-help.com/wt_61214/fonts/fl-budicons-launch.eot]
[livedemo00.template-help.com/wt_61214/fonts/fl-bigmug-line.svg]
[livedemo00.template-help.com/wt_61214/fonts/fl-budicons-launch.woff]
[livedemo00.template-help.com/wt_61214/fonts/fl-budicons-launch.ttf]
[livedemo00.template-help.com/wt_61214/fonts/fl-budicons-launch.svg]
[livedemo00.template-help.com/wt_61214/fonts/fl-line-ui.woff]
[livedemo00.template-help.com/wt_61214/fonts/fl-line-ui.eot]
[livedemo00.template-help.com/wt_61214/fonts/fl-line-ui.ttf]
[livedemo00.template-help.com/wt_61214/fonts/fl-line-ui.svg]
[livedemo00.template-help.com/wt_61214/fonts/materialdesignicons-webfont14e6.eot]
[livedemo00.template-help.com/wt_61214/fonts/materialdesignicons-webfontd41d.eot]
[livedemo00.template-help.com/wt_61214/fonts/materialdesignicons-webfont14e6.woff2]
[livedemo00.template-help.com/wt_61214/fonts/materialdesignicons-webfont14e6.ttf]
[livedemo00.template-help.com/wt_61214/fonts/materialdesignicons-webfont14e6.woff]
[livedemo00.template-help.com/wt_61214/images/post-overlay.png]
[livedemo00.template-help.com/wt_61214/fonts/materialdesignicons-webfont14e6.svg]
[livedemo00.template-help.com/wt_61214/images/bg-image-1.jpg]
[livedemo00.template-help.com/wt_61214/images/isotope-loader.png]
[livedemo00.template-help.com/wt_61214/images/preloader.gif]
[livedemo00.template-help.com/wt_61214/images/preloader.png]
[livedemo00.template-help.com/wt_61214/images/photoswipe-controls.png]
[livedemo00.template-help.com/wt_61214/images/photoswipe-controls.svg]
[livedemo00.template-help.com/wt_61214/images/ajax-loader.gif]
[livedemo00.template-help.com/wt_61214/css/style.css]
[www.googletagmanager.com/gtm5445.html]
[fonts.googleapis.com/cssc244]
[livedemo00.template-help.com/wt_61214/fonts/bootstrap/glyphicons-halflings-regular.svg]
[livedemo00.template-help.com/wt_61214/fonts/fontawesome-webfont3e6e.svg]
[livedemo00.template-help.com/wt_61214/fonts/fl-bigmug-line.svg]
[livedemo00.template-help.com/wt_61214/fonts/fl-budicons-launch.svg]
[livedemo00.template-help.com/wt_61214/fonts/fl-line-ui.svg]
[livedemo00.template-help.com/wt_61214/fonts/materialdesignicons-webfont14e6.svg]
[livedemo00.template-help.com/wt_61214/images/photoswipe-controls.svg]
[livedemo00.template-help.com/wt_61214/our-vision-2.html]
